---
source: crates/cribo/tests/test_bundling_snapshots.rs
input_file: crates/cribo/tests/fixtures/xfail_importlib_static/main.py
---
#!/usr/bin/env python3
# Generated by Cribo - Python Source Bundler
# https://github.com/ophidiarium/cribo

import importlib
"""Main module demonstrating importlib usage with static string literals."""
data_processor = importlib.import_module("data-processor")
api_client = importlib.import_module("api-client")
class_module = importlib.import_module("class")
def_module = importlib.import_module("def")
for_module = importlib.import_module("for")
config_2024 = importlib.import_module("2024-config")
def main():
    processor = data_processor.DataProcessor()
    print(f"Processor: {processor.name}")
    print(f"Processing result: {processor.process('test data')}")
    print(f"Processor info: {data_processor.get_processor_info()}")
    print(f"Processor version: {data_processor.PROCESSOR_VERSION}")
    print()
    client = api_client.create_client()
    print(f"API request: {client.make_request('users')}")
    print(f"API version: {api_client.API_VERSION}")
    print(f"Supported endpoints: {api_client.SUPPORTED_ENDPOINTS}")
    print()
    meta = class_module.create_class_instance("TestClass")
    print(f"Class description: {meta.describe()}")
    print(f"Class types: {class_module.CLASS_TYPES}")
    print(f"Default class name: {class_module.DEFAULT_CLASS_NAME}")
    print()
    func_def = def_module.define_function("calculate", "x", "y")
    print(f"Function definition: {func_def}")
    print(f"Builtin functions: {def_module.BUILTIN_FUNCTIONS}")
    print()
    loop = for_module.create_loop(["apple", "banana", "cherry"])
    print(f"Loop results: {loop.iterate()}")
    print(f"Loop types: {for_module.LOOP_TYPES}")
    print(f"Max iterations: {for_module.MAX_ITERATIONS}")
    print()
    config = config_2024.load_yearly_config()
    print(f"Year config: {config.get_config()}")
    print(f"Supported years: {config_2024.SUPPORTED_YEARS}")
    print(f"Config prefix: {config_2024.CONFIG_PREFIX}")
if __name__ == "__main__":
    main()
