---
source: crates/cribo/tests/test_bundling_snapshots.rs
input_file: crates/cribo/tests/fixtures/module_first_resolution/main.py
---
#!/usr/bin/env python3
# Generated by Cribo - Python Source Bundler
# https://github.com/ophidiarium/cribo

import functools
import types
@functools.cache
def _cribo_init___cribo_e25798_foo():
    _cribo_module = types.SimpleNamespace()
    _cribo_module.__name__ = 'foo'
    source = "foo/__init__.py (package)"
    _cribo_module.source = source
    value = "CORRECT - package"
    _cribo_module.value = value
    print("Successfully imported foo package")
    return _cribo_module
foo = _cribo_init___cribo_e25798_foo()
print(f"Imported foo from: {foo.source}")
print(f"foo.value = {foo.value}")
