---
source: crates/cribo/tests/test_bundling_snapshots.rs
input_file: crates/cribo/tests/fixtures/stickytape_explicit_relative_import_in_init/main.py
---
#!/usr/bin/env python3
# Generated by Cribo - Python Source Bundler
# https://github.com/ophidiarium/cribo

import types
message = "Hello"
greetings = types.SimpleNamespace(__all__=['message'])
print(message)
