---
source: crates/cribo/tests/test_bundling_snapshots.rs
input_file: crates/cribo/tests/fixtures/stickytape_explicit_relative_import_single_dot/main.py
---
#!/usr/bin/env python3
# Generated by Cribo - Python Source Bundler
# https://github.com/ophidiarium/cribo

import types
greetings = types.SimpleNamespace()
greetings.__name__ = 'greetings'
message_2 = "Hello"
greetings_greeting = types.SimpleNamespace()
messages = types.SimpleNamespace()
messages.message = message_2
message_1 = messages.message
greetings_greeting.message = message_1
greetings.greeting = types.SimpleNamespace()
greetings.greeting.__all__ = ['message']
greetings.greeting.message = message_1
print(greetings.greeting.message)
