---
source: crates/cribo/tests/test_bundling_snapshots.rs
input_file: crates/cribo/tests/fixtures/xfail_ast_rewriting_nested_namespace_import/main.py
---
#!/usr/bin/env python3
# Generated by Cribo - Python Source Bundler
# https://github.com/ophidiarium/cribo

import types
def get_greeting(name):
    return f"Hello, {name}!"
greetings.greeting = types.SimpleNamespace()
greetings.greeting.get_greeting = get_greeting
"""Test nested namespace imports"""
message = greetings.greeting.get_greeting("Python")
print(message)
