---
source: crates/cribo/tests/test_bundling_snapshots.rs
input_file: crates/cribo/tests/fixtures/function_level_module_import/main.py
---
#!/usr/bin/env python3
# Generated by Cribo - Python Source Bundler
# https://github.com/ophidiarium/cribo

import types
description = "A simple calculator module"
def add(a, b):
    return a + b
def multiply(a, b):
    return a * b
"""Calculator module with simple operations"""
utils_calculator = types.SimpleNamespace(description=description, add=add, multiply=multiply)
def process_data():
    calculator = utils_calculator
    result = calculator.add(5, 3)
    print(f"Result: {result}")
    print(f"Calculator description: {calculator.description}")
if __name__ == "__main__":
    process_data()
