---
source: crates/cribo/tests/test_bundling_snapshots.rs
input_file: crates/cribo/tests/fixtures/xfail_file_deduplication_basic/main.py
---
#!/usr/bin/env python3
# Generated by Cribo - Python Source Bundler
# https://github.com/ophidiarium/cribo

import types
def get_name():
    return "app.utils"
def helper():
    return "I am from app.utils"
app_utils = types.SimpleNamespace()
app_utils.get_name = get_name
app_utils.helper = helper
mod = app_utils
print(f"Direct import: {app.utils.get_name()}")
print(f"From import: {app_utils.get_name()}")
print(f"Importlib: {mod.get_name()}")
assert app.utils.helper() == app_utils.helper() == mod.helper()
print("SUCCESS: All imports reference the same module!")
