---
source: crates/cribo/tests/test_bundling_snapshots.rs
input_file: crates/cribo/tests/fixtures/bundling/xfail_stickytape_explicit_relative_import_single_dot/main.py
---
ExecutionResults {
    status: Failed(
        1,
    ),
    stdout: "",
    stderr: "Traceback (most recent call last):\n  File \"<TMP>/bundled.py\", line 34, in <module>\n    __cribo_init___cribo_ab2c4f_greetings_greeting()\n    ~~~~~~~~~~~~~~~~~~~~~~~~~~~~~~~~~~~~~~~~~~~~~~^^\n  File \"<TMP>/bundled.py\", line 9, in __cribo_init___cribo_ab2c4f_greetings_greeting\n    messages = sys.modules['greetings.greeting'].messages\n               ^^^^^^^^^^^^^^^^^^^^^^^^^^^^^^^^^^^^^^^^^^\nAttributeError: module '__cribo_ab2c4f_greetings_greeting' has no attribute 'messages'",
}
