---
source: crates/cribo/tests/test_bundling_snapshots.rs
input_file: crates/cribo/tests/fixtures/xfail_stickytape_imports_in_imported_modules/main.py
---
ExecutionResults {
    status: Success,
    stdout: "",
    stderr: "",
}
