---
source: crates/cribo/tests/test_bundling_snapshots.rs
input_file: crates/cribo/tests/fixtures/xfail_collections_abc_wrapper/main.py
---
ExecutionResults {
    status: Success,
    stdout: "",
    stderr: "",
}
