---
source: crates/cribo/tests/test_bundling_snapshots.rs
input_file: crates/cribo/tests/fixtures/xfail_simple_project/main.py
---
packages: []
count: 0
