---
source: crates/cribo/tests/test_bundling_snapshots.rs
input_file: crates/cribo/tests/fixtures/xfail_no_ops_multimodule_self_refs/main.py
---
packages: []
count: 0
