---
source: crates/cribo/tests/test_bundling_snapshots.rs
input_file: crates/cribo/tests/fixtures/multiline_strings_test/main.py
---
packages: []
count: 0
