---
source: crates/cribo/tests/test_bundling_snapshots.rs
assertion_line: 547
input_file: crates/cribo/tests/fixtures/try_except_function_export/main.py
---
packages:
  - nonexistent_module
count: 1
