---
source: crates/cribo/tests/test_bundling_snapshots.rs
input_file: crates/cribo/tests/fixtures/conditional_exports/main.py
---
RuffLintResults {
    f401: [],
    f404: [],
    other: [],
    total: 0,
}
