---
source: crates/cribo/tests/test_bundling_snapshots.rs
---
#!/usr/bin/env python3
# Generated by Cribo - Python Source Bundler
# https://github.com/ophidiarium/cribo

# ─ Entry Module: main ─
print("Hello")
